// Jest Snapshot v1, https://goo.gl/fbAQLP

exports[`Pruebas en <GifItem/> Debe evaluar el snapshot 1`] = `
<div>
  <div
    class="card"
  >
    <img
      alt="Goku"
      src="https://media3.giphy.com/media/GRSnxyhJnPsaQy9YLn/giphy.gif?cid=5d6963d424eo07zs9ycmcc7ndeh51rmaltkmm5wsdnjyt9ht&rid=giphy.gif&ct=g"
    />
    <p>
      Goku
    </p>
  </div>
</div>
`;
